Process `MSNBASXIC` declares 9 input channels but 0 were specified

 -- Check script '/home/proteomics/mygit/nf-core/nf-core-ribomsqc/.nf-test-db102afb83d7bcbd3f7a35911fd89118.nf' at line: 35 or see '/home/proteomics/mygit/nf-core/nf-core-ribomsqc/.nf-test/tests/db102afb83d7bcbd3f7a35911fd89118/meta/nextflow.log' file for more details
