ERROR ~ Error executing process > 'MSNBASXIC (test)'

Caused by:
  Missing output file(s) `*.tsv` expected by process `MSNBASXIC (test)` (note: input files are not included in the default matching set)


Command executed:

  Rscript /home/proteomics/mygit/nf-core/nf-core-ribomsqc/modules/local/msnbasexic/resources/users/bin/msnbasexic.R \
  --file_name 20240315_QCN1_001_03_New_STD.mzML \
  --tsv_name qcn1.tsv \
  --output_dir test_results/xic_results \
  --analyte_name m3C \
  --rt_tol_sec 150 \
  --mz_tol_ppm 20 \
  --msLevel 2 \
  --plot_xic_ms1 false \
  --plot_xic_ms2 false \
  --plot_output_path xic_plot.pdf \
  --overwrite_tsv true

Command exit status:
  0

Command output:
  [1] "Analyte: m3C"
  [1] "MS level 2 with transition mass 126.0662"
  [1] "mz_tol in DA: 0.002521324"
  [1] "Mode: monoisotopic peak."
  [1] "Loading mzML file: 20240315_QCN1_001_03_New_STD.mzML"
  [1] "File loaded!"
  [1] "Computing XIC..."
  [1] "MS2 spectra after RT filtering: 13068"
  [1] "XIC data in MS2: 393.658919824"
  [1] "Minimum retention time: 393.658919824"
  [1] "Maximum retention time: 693.493560271998"
  [1] "Retention time with highest intensity: 542.825757616"
  [1] "Maximum intensity in XIC: 32297873.96875"
  Points Per Peak (PPP): 115 
  FWHM (seconds): 11.8124 
  [1] "Expected retention time (RT target): 543.6"
  [1] "Observed retention time: 542.825757616"
  [1] "Difference in RT (dRT): -0.774242383999763"
  [1] "Mass m/z1: 126.0662"
  [1] "Maximum intensity (M+0): 3.23e+07"
  [1] "Area M+0: 2.96e+08"
  [1] "Total calculated area: 2.96e+08"
  [1] "Log2 of total area: 28.1"
  [1] "Experimental mass found: 126.06616973877"
  [1] "Difference in m/z (dmz in Da): -3.02612304636796e-05"
  [1] "Difference in m/z (dmz in ppm): -0.240042378240001"
  [1] "Results saved in: test_results/xic_results/20240315_QCN1_001_03_New_STD.tsv"
  [1] "Updated TSV file: test_results/xic_results/20240315_QCN1_001_03_New_STD.tsv"

Work dir:
  /home/proteomics/mygit/nf-core/nf-core-ribomsqc/.nf-test/tests/8343015d32f03c6464fa8f1fa030de25/work/71/afd2f6d3744431509ae9656442217b

Tip: you can replicate the issue by changing to the process work dir and entering the command `bash .command.run`

 -- Check '/home/proteomics/mygit/nf-core/nf-core-ribomsqc/.nf-test/tests/8343015d32f03c6464fa8f1fa030de25/meta/nextflow.log' file for details
